#-----------------------------------------------------------
# Vivado v2021.1 (64-bit)
# SW Build 3247384 on Thu Jun 10 19:36:33 MDT 2021
# IP Build 3246043 on Fri Jun 11 00:30:35 MDT 2021
# Start of session at: Tue Dec 14 14:09:43 2021
# Process ID: 11764
# Current directory: C:/Users/guill/Documents/GitHub/RGBros/Proyecto_RGB
# Command line: vivado.exe -gui_launcher_event rodinguilauncherevent7892 C:\Users\guill\Documents\GitHub\RGBros\Proyecto_RGB\Proyecto_RGB.xpr
# Log file: C:/Users/guill/Documents/GitHub/RGBros/Proyecto_RGB/vivado.log
# Journal file: C:/Users/guill/Documents/GitHub/RGBros/Proyecto_RGB\vivado.jou
#-----------------------------------------------------------
start_gui
open_project C:/Users/guill/Documents/GitHub/RGBros/Proyecto_RGB/Proyecto_RGB.xpr
update_compile_order -fileset sources_1
close [ open C:/Users/guill/Documents/GitHub/RGBros/Proyecto_RGB/Proyecto_RGB.srcs/sources_1/new/FSM_MODULE_2_0.vhd w ]
add_files C:/Users/guill/Documents/GitHub/RGBros/Proyecto_RGB/Proyecto_RGB.srcs/sources_1/new/FSM_MODULE_2_0.vhd
close [ open C:/Users/guill/Documents/GitHub/RGBros/Proyecto_RGB/Proyecto_RGB.srcs/sources_1/new/FSM_MASTER_2_0.vhd w ]
add_files C:/Users/guill/Documents/GitHub/RGBros/Proyecto_RGB/Proyecto_RGB.srcs/sources_1/new/FSM_MASTER_2_0.vhd
update_compile_order -fileset sources_1
update_compile_order -fileset sources_1
reset_run synth_1
launch_runs synth_1 -jobs 4
wait_on_run synth_1
